../../components/ErrorBoundary.tsx(29,14): error TS2339: Property 'setState' does not exist on type 'ErrorBoundary'.
../../components/ErrorBoundary.tsx(30,18): error TS2339: Property 'props' does not exist on type 'ErrorBoundary'.
../../components/ErrorBoundary.tsx(31,18): error TS2339: Property 'props' does not exist on type 'ErrorBoundary'.
../../components/ErrorBoundary.tsx(65,21): error TS2339: Property 'props' does not exist on type 'ErrorBoundary'.
supabase/functions/create-turbo-session/index.ts(1,23): error TS2307: Cannot find module 'https://deno.land/std@0.168.0/http/server.ts' or its corresponding type declarations.
supabase/functions/create-turbo-session/index.ts(2,30): error TS2307: Cannot find module 'https://esm.sh/@supabase/supabase-js@2' or its corresponding type declarations.
supabase/functions/create-turbo-session/index.ts(24,29): error TS2304: Cannot find name 'Deno'.
supabase/functions/create-turbo-session/index.ts(25,33): error TS2304: Cannot find name 'Deno'.
../../screens/CreateAd.tsx(449,119): error TS2339: Property 'type' does not exist on type 'unknown'.
../../screens/CreateAd.tsx(451,72): error TS2345: Argument of type 'unknown' is not assignable to parameter of type 'File'.
  Type '{}' is missing the following properties from type 'File': lastModified, name, webkitRelativePath, size, and 6 more.
../../screens/PublicProfile.tsx(41,13): error TS2739: Type '{ id: string; adId: any; adTitle: string; reason: string; description: string; reporterId: string; reporterName: string; status: "pending"; date: string; }' is missing the following properties from type 'ReportItem': targetId, targetName, targetType, severity
../../supabase/functions/admin_get_stats/index.ts(1,30): error TS2307: Cannot find module 'https://esm.sh/@supabase/supabase-js@2' or its corresponding type declarations.
../../supabase/functions/admin_get_stats/index.ts(8,1): error TS2304: Cannot find name 'Deno'.
../../supabase/functions/admin_get_stats/index.ts(15,30): error TS2304: Cannot find name 'Deno'.
../../supabase/functions/admin_get_stats/index.ts(16,35): error TS2304: Cannot find name 'Deno'.
../../supabase/functions/admin_get_stats/index.ts(17,43): error TS2304: Cannot find name 'Deno'.
../../supabase/functions/admin_manage_reports/index.ts(1,30): error TS2307: Cannot find module 'https://esm.sh/@supabase/supabase-js@2' or its corresponding type declarations.
../../supabase/functions/admin_manage_reports/index.ts(9,1): error TS2304: Cannot find name 'Deno'.
../../supabase/functions/admin_manage_reports/index.ts(13,30): error TS2304: Cannot find name 'Deno'.
../../supabase/functions/admin_manage_reports/index.ts(14,43): error TS2304: Cannot find name 'Deno'.
../../supabase/functions/admin_manage_roles/index.ts(1,30): error TS2307: Cannot find module 'https://esm.sh/@supabase/supabase-js@2' or its corresponding type declarations.
../../supabase/functions/admin_manage_roles/index.ts(9,1): error TS2304: Cannot find name 'Deno'.
../../supabase/functions/admin_manage_roles/index.ts(16,30): error TS2304: Cannot find name 'Deno'.
../../supabase/functions/admin_manage_roles/index.ts(17,43): error TS2304: Cannot find name 'Deno'.
../../supabase/functions/admin_manage_users/index.ts(1,30): error TS2307: Cannot find module 'https://esm.sh/@supabase/supabase-js@2' or its corresponding type declarations.
../../supabase/functions/admin_manage_users/index.ts(9,1): error TS2304: Cannot find name 'Deno'.
../../supabase/functions/admin_manage_users/index.ts(16,30): error TS2304: Cannot find name 'Deno'.
../../supabase/functions/admin_manage_users/index.ts(17,43): error TS2304: Cannot find name 'Deno'.
../../supabase/functions/create-highlight-payment/index.ts(1,30): error TS2307: Cannot find module 'https://esm.sh/@supabase/supabase-js@2' or its corresponding type declarations.
../../supabase/functions/create-highlight-payment/index.ts(29,1): error TS2304: Cannot find name 'Deno'.
../../supabase/functions/create-highlight-payment/index.ts(48,30): error TS2304: Cannot find name 'Deno'.
../../supabase/functions/create-highlight-payment/index.ts(49,35): error TS2304: Cannot find name 'Deno'.
../../supabase/functions/create-highlight-payment/index.ts(50,43): error TS2304: Cannot find name 'Deno'.
../../supabase/functions/create-highlight-payment/index.ts(51,33): error TS2304: Cannot find name 'Deno'.
../../supabase/functions/create-turbo-session/index.ts(1,23): error TS2307: Cannot find module 'https://deno.land/std@0.168.0/http/server.ts' or its corresponding type declarations.
../../supabase/functions/create-turbo-session/index.ts(2,30): error TS2307: Cannot find module 'https://esm.sh/@supabase/supabase-js@2' or its corresponding type declarations.
../../supabase/functions/create-turbo-session/index.ts(24,29): error TS2304: Cannot find name 'Deno'.
../../supabase/functions/create-turbo-session/index.ts(25,33): error TS2304: Cannot find name 'Deno'.
../../supabase/functions/create_ad/index.ts(1,30): error TS2307: Cannot find module 'https://esm.sh/@supabase/supabase-js@2' or its corresponding type declarations.
../../supabase/functions/create_ad/index.ts(8,1): error TS2304: Cannot find name 'Deno'.
../../supabase/functions/create_ad/index.ts(15,30): error TS2304: Cannot find name 'Deno'.
../../supabase/functions/create_ad/index.ts(16,35): error TS2304: Cannot find name 'Deno'.
../../supabase/functions/create_ad/index.ts(17,43): error TS2304: Cannot find name 'Deno'.
../../supabase/functions/create_preference/index.ts(5,23): error TS2307: Cannot find module 'https://deno.land/std/http/server.ts' or its corresponding type declarations.
../../supabase/functions/mp-webhook-highlight/index.ts(1,30): error TS2307: Cannot find module 'https://esm.sh/@supabase/supabase-js@2' or its corresponding type declarations.
../../supabase/functions/mp-webhook-highlight/index.ts(52,1): error TS2304: Cannot find name 'Deno'.
../../supabase/functions/mp-webhook-highlight/index.ts(58,25): error TS2304: Cannot find name 'Deno'.
../../supabase/functions/mp-webhook-highlight/index.ts(59,32): error TS2304: Cannot find name 'Deno'.
../../supabase/functions/mp-webhook-highlight/index.ts(60,27): error TS2304: Cannot find name 'Deno'.
../../supabase/functions/mp-webhook-highlight/index.ts(61,29): error TS2304: Cannot find name 'Deno'.
../../supabase/functions/mp-webhook-highlight/index.ts(179,17): error TS2304: Cannot find name 'internalPaymentId'.
../../supabase/functions/mp_webhook/index.ts(1,23): error TS2307: Cannot find module 'https://deno.land/std/http/server.ts' or its corresponding type declarations.
../../supabase/functions/mp_webhook/index.ts(2,30): error TS2307: Cannot find module 'https://esm.sh/@supabase/supabase-js@2' or its corresponding type declarations.
../../supabase/functions/mp_webhook/index.ts(4,25): error TS2304: Cannot find name 'Deno'.
../../supabase/functions/mp_webhook/index.ts(34,13): error TS2304: Cannot find name 'Deno'.
../../supabase/functions/mp_webhook/index.ts(35,13): error TS2304: Cannot find name 'Deno'.
